[
    {
        "uuid": "fakeUuid",
        "payloads": [
            {
                "type": "table",
                "content": {
                    "values": {
                        "Event": "<code>Missed<\/code>",
                        "Key": "cached-key"
                    },
                    "label": "Cache"
                },
                "origin": {
                    "file": "\/tests\/Unit\/CacheTest.php",
                    "line_number": 67,
                    "hostname": "fake-hostname"
                }
            }
        ],
        "meta": []
    }
]
